
> smart-home@0.0.0 test
> vitest run --config vitest.config.ts --passWithNoTests


[1m[30m[46m RUN [49m[39m[22m [36mv4.1.5 [39m[90m/Users/amyward/RiderProjects/domus-aura/frontend[39m

 [31m❯[39m src/app/device/components/comprehensive-rendering.spec.ts [2m([22m[2m10 tests[22m[2m | [22m[31m10 failed[39m[2m)[22m[32m 163[2mms[22m[39m
[31m       [31m×[31m should render correctly when On[39m[32m 28[2mms[22m[39m
[31m       [31m×[31m should render correctly when Off[39m[32m 59[2mms[22m[39m
[31m       [31m×[31m should render correctly when On[39m[32m 6[2mms[22m[39m
[31m       [31m×[31m should render correctly when Off[39m[32m 4[2mms[22m[39m
[31m       [31m×[31m should render correctly in Off state[39m[32m 6[2mms[22m[39m
[31m       [31m×[31m should render correctly in Idle state[39m[32m 2[2mms[22m[39m
[31m       [31m×[31m should render correctly in Heating state[39m[32m 1[2mms[22m[39m
[31m       [31m×[31m should render correctly in Cooling state[39m[32m 33[2mms[22m[39m
[31m       [31m×[31m should render correctly in Locked state[39m[32m 1[2mms[22m[39m
[31m       [31m×[31m should render correctly in Unlocked state[39m[32m 12[2mms[22m[39m
 [31m❯[39m src/app/device/components/comprehensive-management.spec.ts [2m([22m[2m4 tests[22m[2m | [22m[31m4 failed[39m[2m)[22m[32m 51[2mms[22m[39m
[31m       [31m×[31m should submit form and emit new device[39m[32m 24[2mms[22m[39m
[31m       [31m×[31m should show confirmation dialog on remove click[39m[32m 2[2mms[22m[39m
[31m       [31m×[31m should call delete on confirm[39m[32m 1[2mms[22m[39m
[31m       [31m×[31m should NOT call delete on cancel[39m[32m 1[2mms[22m[39m
 [31m❯[39m src/app/device/components/comprehensive-api.spec.ts [2m([22m[2m4 tests[22m[2m | [22m[31m4 failed[39m[2m)[22m[32m 73[2mms[22m[39m
[31m       [31m×[31m should load devices on mount[39m[32m 67[2mms[22m[39m
[31m       [31m×[31m should display error message on load failure[39m[32m 1[2mms[22m[39m
[31m       [31m×[31m should send correct API request when toggling light[39m[32m 1[2mms[22m[39m
[31m       [31m×[31m should display toast message on command error[39m[32m 1[2mms[22m[39m
 [32m✓[39m src/app/device/services/device-api.service.spec.ts [2m([22m[2m7 tests[22m[2m)[22m[32m 175[2mms[22m[39m
 [31m❯[39m src/app/device/components/comprehensive-validation.spec.ts [2m([22m[2m3 tests[22m[2m | [22m[31m3 failed[39m[2m)[22m[32m 31[2mms[22m[39m
[31m       [31m×[31m should have min 10 and max 100 on the slider[39m[32m 25[2mms[22m[39m
[31m       [31m×[31m should have min 60 and max 80 on the temperature input[39m[32m 1[2mms[22m[39m
[31m       [31m×[31m should require name, location, and type to enable submit[39m[32m 2[2mms[22m[39m
 [32m✓[39m src/app/authentication/service/auth.service.spec.ts [2m([22m[2m7 tests[22m[2m)[22m[32m 160[2mms[22m[39m
 [32m✓[39m src/app/simulation/services/simulation-api.service.spec.ts [2m([22m[2m6 tests[22m[2m)[22m[32m 137[2mms[22m[39m
 [32m✓[39m src/app/authentication/guard/auth.guard.spec.ts [2m([22m[2m2 tests[22m[2m)[22m[32m 44[2mms[22m[39m
 [32m✓[39m src/app/device/services/comprehensive-filter.spec.ts [2m([22m[2m6 tests[22m[2m)[22m[32m 26[2mms[22m[39m

[31m⎯⎯⎯⎯⎯⎯[39m[1m[41m Failed Tests 21 [49m[22m[31m⎯⎯⎯⎯⎯⎯⎯[39m

[41m[1m FAIL [22m[49m src/app/device/components/comprehensive-api.spec.ts[2m > [22mComprehensive API Integration Tests[2m > [22mDevice List Loading[2m > [22mshould load devices on mount
[41m[1m FAIL [22m[49m src/app/device/components/comprehensive-api.spec.ts[2m > [22mComprehensive API Integration Tests[2m > [22mDevice List Loading[2m > [22mshould display error message on load failure
[31m[1mError[22m: Component 'DeviceList' is not resolved:
 - styleUrl: ./device-list.scss
Did you run and wait for 'resolveComponentResources()'?[39m
[90m [2m❯[22m DeviceList.get ../k8-fastbuild-ST-fdfa778d11ba/bin/packages/core/src/render3/jit/directive.ts:[2m106:16[22m[39m
[90m [2m❯[22m ɵcmp ../k8-fastbuild-ST-fdfa778d11ba/bin/packages/core/testing/src/test_bed_compiler.ts:[2m1116:24[22m[39m
[90m [2m❯[22m getComponentDef ../k8-fastbuild-ST-fdfa778d11ba/bin/packages/core/testing/src/test_bed_compiler.ts:[2m1109:14[22m[39m
[90m [2m❯[22m isStandaloneComponent ../k8-fastbuild-ST-fdfa778d11ba/bin/packages/core/testing/src/test_bed_compiler.ts:[2m784:19[22m[39m
[90m [2m❯[22m queueTypesFromModulesArrayRecur ../k8-fastbuild-ST-fdfa778d11ba/bin/packages/core/testing/src/test_bed_compiler.ts:[2m808:4[22m[39m
[90m [2m❯[22m queueTypesFromModulesArray ../k8-fastbuild-ST-fdfa778d11ba/bin/packages/core/testing/src/test_bed_compiler.ts:[2m226:11[22m[39m
[90m [2m❯[22m configureTestingModule ../k8-fastbuild-ST-fdfa778d11ba/bin/packages/core/testing/src/test_bed.ts:[2m584:18[22m[39m
[90m [2m❯[22m configureTestingModule ../k8-fastbuild-ST-fdfa778d11ba/bin/packages/core/testing/src/test_bed.ts:[2m319:32[22m[39m
[36m [2m❯[22m src/app/device/components/comprehensive-api.spec.ts:[2m32:21[22m[39m
    [90m 30|[39m       }[33m;[39m
    [90m 31|[39m
    [90m 32|[39m       [35mawait[39m [33mTestBed[39m[33m.[39m[34mconfigureTestingModule[39m({
    [90m   |[39m                     [31m^[39m
    [90m 33|[39m         imports[33m:[39m [[33mDeviceList[39m][33m,[39m
    [90m 34|[39m         providers[33m:[39m [

[31m[2m⎯⎯⎯⎯⎯⎯⎯⎯⎯⎯⎯⎯⎯⎯⎯⎯⎯⎯⎯⎯⎯⎯⎯[1/21]⎯[22m[39m

[41m[1m FAIL [22m[49m src/app/device/components/comprehensive-api.spec.ts[2m > [22mComprehensive API Integration Tests[2m > [22mControlling a Device[2m > [22mshould send correct API request when toggling light
[31m[1mError[22m: Component 'DeviceCard' is not resolved:
 - styleUrl: ./device-card.scss
Did you run and wait for 'resolveComponentResources()'?[39m
[90m [2m❯[22m DeviceCard.get ../k8-fastbuild-ST-fdfa778d11ba/bin/packages/core/src/render3/jit/directive.ts:[2m106:16[22m[39m
[90m [2m❯[22m ɵcmp ../k8-fastbuild-ST-fdfa778d11ba/bin/packages/core/testing/src/test_bed_compiler.ts:[2m1116:24[22m[39m
[90m [2m❯[22m getComponentDef ../k8-fastbuild-ST-fdfa778d11ba/bin/packages/core/testing/src/test_bed_compiler.ts:[2m1109:14[22m[39m
[90m [2m❯[22m isStandaloneComponent ../k8-fastbuild-ST-fdfa778d11ba/bin/packages/core/testing/src/test_bed_compiler.ts:[2m784:19[22m[39m
[90m [2m❯[22m queueTypesFromModulesArrayRecur ../k8-fastbuild-ST-fdfa778d11ba/bin/packages/core/testing/src/test_bed_compiler.ts:[2m808:4[22m[39m
[90m [2m❯[22m queueTypesFromModulesArray ../k8-fastbuild-ST-fdfa778d11ba/bin/packages/core/testing/src/test_bed_compiler.ts:[2m226:11[22m[39m
[90m [2m❯[22m configureTestingModule ../k8-fastbuild-ST-fdfa778d11ba/bin/packages/core/testing/src/test_bed.ts:[2m584:18[22m[39m
[90m [2m❯[22m configureTestingModule ../k8-fastbuild-ST-fdfa778d11ba/bin/packages/core/testing/src/test_bed.ts:[2m319:32[22m[39m
[36m [2m❯[22m src/app/device/components/comprehensive-api.spec.ts:[2m76:21[22m[39m
    [90m 74|[39m       }[33m;[39m
    [90m 75|[39m
    [90m 76|[39m       [35mawait[39m [33mTestBed[39m[33m.[39m[34mconfigureTestingModule[39m({
    [90m   |[39m                     [31m^[39m
    [90m 77|[39m         imports[33m:[39m [[33mDeviceCard[39m][33m,[39m
    [90m 78|[39m         providers[33m:[39m [

[31m[2m⎯⎯⎯⎯⎯⎯⎯⎯⎯⎯⎯⎯⎯⎯⎯⎯⎯⎯⎯⎯⎯⎯⎯[2/21]⎯[22m[39m

[41m[1m FAIL [22m[49m src/app/device/components/comprehensive-api.spec.ts[2m > [22mComprehensive API Integration Tests[2m > [22mError Handling[2m > [22mshould display toast message on command error
[31m[1mError[22m: Component 'DeviceCard' is not resolved:
 - styleUrl: ./device-card.scss
Did you run and wait for 'resolveComponentResources()'?[39m
[90m [2m❯[22m DeviceCard.get ../k8-fastbuild-ST-fdfa778d11ba/bin/packages/core/src/render3/jit/directive.ts:[2m106:16[22m[39m
[90m [2m❯[22m ɵcmp ../k8-fastbuild-ST-fdfa778d11ba/bin/packages/core/testing/src/test_bed_compiler.ts:[2m1116:24[22m[39m
[90m [2m❯[22m getComponentDef ../k8-fastbuild-ST-fdfa778d11ba/bin/packages/core/testing/src/test_bed_compiler.ts:[2m1109:14[22m[39m
[90m [2m❯[22m isStandaloneComponent ../k8-fastbuild-ST-fdfa778d11ba/bin/packages/core/testing/src/test_bed_compiler.ts:[2m784:19[22m[39m
[90m [2m❯[22m queueTypesFromModulesArrayRecur ../k8-fastbuild-ST-fdfa778d11ba/bin/packages/core/testing/src/test_bed_compiler.ts:[2m808:4[22m[39m
[90m [2m❯[22m queueTypesFromModulesArray ../k8-fastbuild-ST-fdfa778d11ba/bin/packages/core/testing/src/test_bed_compiler.ts:[2m226:11[22m[39m
[90m [2m❯[22m configureTestingModule ../k8-fastbuild-ST-fdfa778d11ba/bin/packages/core/testing/src/test_bed.ts:[2m584:18[22m[39m
[90m [2m❯[22m configureTestingModule ../k8-fastbuild-ST-fdfa778d11ba/bin/packages/core/testing/src/test_bed.ts:[2m319:32[22m[39m
[36m [2m❯[22m src/app/device/components/comprehensive-api.spec.ts:[2m118:21[22m[39m
    [90m116|[39m       }[33m;[39m
    [90m117|[39m
    [90m118|[39m       [35mawait[39m [33mTestBed[39m[33m.[39m[34mconfigureTestingModule[39m({
    [90m   |[39m                     [31m^[39m
    [90m119|[39m         imports[33m:[39m [[33mDeviceCard[39m][33m,[39m
    [90m120|[39m         providers[33m:[39m [

[31m[2m⎯⎯⎯⎯⎯⎯⎯⎯⎯⎯⎯⎯⎯⎯⎯⎯⎯⎯⎯⎯⎯⎯⎯[3/21]⎯[22m[39m

[41m[1m FAIL [22m[49m src/app/device/components/comprehensive-management.spec.ts[2m > [22mComprehensive Device Management Tests[2m > [22mRegister Device Form Submission[2m > [22mshould submit form and emit new device
[31m[1mError[22m: Component 'RegisterDeviceDialog' is not resolved:
 - styleUrl: ./register-device-dialog.scss
Did you run and wait for 'resolveComponentResources()'?[39m
[90m [2m❯[22m RegisterDeviceDialog.get ../k8-fastbuild-ST-fdfa778d11ba/bin/packages/core/src/render3/jit/directive.ts:[2m106:16[22m[39m
[90m [2m❯[22m ɵcmp ../k8-fastbuild-ST-fdfa778d11ba/bin/packages/core/testing/src/test_bed_compiler.ts:[2m1116:24[22m[39m
[90m [2m❯[22m getComponentDef ../k8-fastbuild-ST-fdfa778d11ba/bin/packages/core/testing/src/test_bed_compiler.ts:[2m1109:14[22m[39m
[90m [2m❯[22m isStandaloneComponent ../k8-fastbuild-ST-fdfa778d11ba/bin/packages/core/testing/src/test_bed_compiler.ts:[2m784:19[22m[39m
[90m [2m❯[22m queueTypesFromModulesArrayRecur ../k8-fastbuild-ST-fdfa778d11ba/bin/packages/core/testing/src/test_bed_compiler.ts:[2m808:4[22m[39m
[90m [2m❯[22m queueTypesFromModulesArray ../k8-fastbuild-ST-fdfa778d11ba/bin/packages/core/testing/src/test_bed_compiler.ts:[2m226:11[22m[39m
[90m [2m❯[22m configureTestingModule ../k8-fastbuild-ST-fdfa778d11ba/bin/packages/core/testing/src/test_bed.ts:[2m584:18[22m[39m
[90m [2m❯[22m configureTestingModule ../k8-fastbuild-ST-fdfa778d11ba/bin/packages/core/testing/src/test_bed.ts:[2m319:32[22m[39m
[36m [2m❯[22m src/app/device/components/comprehensive-management.spec.ts:[2m31:21[22m[39m
    [90m 29|[39m       }[33m;[39m
    [90m 30|[39m
    [90m 31|[39m       [35mawait[39m [33mTestBed[39m[33m.[39m[34mconfigureTestingModule[39m({
    [90m   |[39m                     [31m^[39m
    [90m 32|[39m         imports[33m:[39m [[33mRegisterDeviceDialog[39m][33m,[39m
    [90m 33|[39m         providers[33m:[39m [

[31m[2m⎯⎯⎯⎯⎯⎯⎯⎯⎯⎯⎯⎯⎯⎯⎯⎯⎯⎯⎯⎯⎯⎯⎯[4/21]⎯[22m[39m

[41m[1m FAIL [22m[49m src/app/device/components/comprehensive-management.spec.ts[2m > [22mComprehensive Device Management Tests[2m > [22mRemove Device Confirmation[2m > [22mshould show confirmation dialog on remove click
[41m[1m FAIL [22m[49m src/app/device/components/comprehensive-management.spec.ts[2m > [22mComprehensive Device Management Tests[2m > [22mRemove Device Confirmation[2m > [22mshould call delete on confirm
[41m[1m FAIL [22m[49m src/app/device/components/comprehensive-management.spec.ts[2m > [22mComprehensive Device Management Tests[2m > [22mRemove Device Confirmation[2m > [22mshould NOT call delete on cancel
[31m[1mError[22m: Component 'DeviceCard' is not resolved:
 - styleUrl: ./device-card.scss
Did you run and wait for 'resolveComponentResources()'?[39m
[90m [2m❯[22m DeviceCard.get ../k8-fastbuild-ST-fdfa778d11ba/bin/packages/core/src/render3/jit/directive.ts:[2m106:16[22m[39m
[90m [2m❯[22m ɵcmp ../k8-fastbuild-ST-fdfa778d11ba/bin/packages/core/testing/src/test_bed_compiler.ts:[2m1116:24[22m[39m
[90m [2m❯[22m getComponentDef ../k8-fastbuild-ST-fdfa778d11ba/bin/packages/core/testing/src/test_bed_compiler.ts:[2m1109:14[22m[39m
[90m [2m❯[22m isStandaloneComponent ../k8-fastbuild-ST-fdfa778d11ba/bin/packages/core/testing/src/test_bed_compiler.ts:[2m784:19[22m[39m
[90m [2m❯[22m queueTypesFromModulesArrayRecur ../k8-fastbuild-ST-fdfa778d11ba/bin/packages/core/testing/src/test_bed_compiler.ts:[2m808:4[22m[39m
[90m [2m❯[22m queueTypesFromModulesArray ../k8-fastbuild-ST-fdfa778d11ba/bin/packages/core/testing/src/test_bed_compiler.ts:[2m226:11[22m[39m
[90m [2m❯[22m configureTestingModule ../k8-fastbuild-ST-fdfa778d11ba/bin/packages/core/testing/src/test_bed.ts:[2m584:18[22m[39m
[90m [2m❯[22m configureTestingModule ../k8-fastbuild-ST-fdfa778d11ba/bin/packages/core/testing/src/test_bed.ts:[2m319:32[22m[39m
[36m [2m❯[22m src/app/device/components/comprehensive-management.spec.ts:[2m80:21[22m[39m
    [90m 78|[39m       }[33m;[39m
    [90m 79|[39m
    [90m 80|[39m       [35mawait[39m [33mTestBed[39m[33m.[39m[34mconfigureTestingModule[39m({
    [90m   |[39m                     [31m^[39m
    [90m 81|[39m         imports[33m:[39m [[33mDeviceCard[39m][33m,[39m
    [90m 82|[39m         providers[33m:[39m [

[31m[2m⎯⎯⎯⎯⎯⎯⎯⎯⎯⎯⎯⎯⎯⎯⎯⎯⎯⎯⎯⎯⎯⎯⎯[5/21]⎯[22m[39m

[41m[1m FAIL [22m[49m src/app/device/components/comprehensive-rendering.spec.ts[2m > [22mComponent Rendering Tests[2m > [22mLightBulb Rendering[2m > [22mshould render correctly when On
[41m[1m FAIL [22m[49m src/app/device/components/comprehensive-rendering.spec.ts[2m > [22mComponent Rendering Tests[2m > [22mLightBulb Rendering[2m > [22mshould render correctly when Off
[31m[1mError[22m: Component 'LightBulb' is not resolved:
 - styleUrl: ./light-bulb.scss
Did you run and wait for 'resolveComponentResources()'?[39m
[90m [2m❯[22m LightBulb.get ../k8-fastbuild-ST-fdfa778d11ba/bin/packages/core/src/render3/jit/directive.ts:[2m106:16[22m[39m
[90m [2m❯[22m ɵcmp ../k8-fastbuild-ST-fdfa778d11ba/bin/packages/core/testing/src/test_bed_compiler.ts:[2m1116:24[22m[39m
[90m [2m❯[22m getComponentDef ../k8-fastbuild-ST-fdfa778d11ba/bin/packages/core/testing/src/test_bed_compiler.ts:[2m1109:14[22m[39m
[90m [2m❯[22m isStandaloneComponent ../k8-fastbuild-ST-fdfa778d11ba/bin/packages/core/testing/src/test_bed_compiler.ts:[2m784:19[22m[39m
[90m [2m❯[22m queueTypesFromModulesArrayRecur ../k8-fastbuild-ST-fdfa778d11ba/bin/packages/core/testing/src/test_bed_compiler.ts:[2m808:4[22m[39m
[90m [2m❯[22m queueTypesFromModulesArray ../k8-fastbuild-ST-fdfa778d11ba/bin/packages/core/testing/src/test_bed_compiler.ts:[2m226:11[22m[39m
[90m [2m❯[22m configureTestingModule ../k8-fastbuild-ST-fdfa778d11ba/bin/packages/core/testing/src/test_bed.ts:[2m584:18[22m[39m
[90m [2m❯[22m configureTestingModule ../k8-fastbuild-ST-fdfa778d11ba/bin/packages/core/testing/src/test_bed.ts:[2m319:32[22m[39m
[36m [2m❯[22m src/app/device/components/comprehensive-rendering.spec.ts:[2m18:21[22m[39m
    [90m 16|[39m
    [90m 17|[39m     [34mbeforeEach[39m([35masync[39m () [33m=>[39m {
    [90m 18|[39m       [35mawait[39m [33mTestBed[39m[33m.[39m[34mconfigureTestingModule[39m({
    [90m   |[39m                     [31m^[39m
    [90m 19|[39m         imports[33m:[39m [[33mLightBulb[39m][33m,[39m
    [90m 20|[39m         providers[33m:[39m [[34mprovideNoopAnimations[39m()]

[31m[2m⎯⎯⎯⎯⎯⎯⎯⎯⎯⎯⎯⎯⎯⎯⎯⎯⎯⎯⎯⎯⎯⎯⎯[6/21]⎯[22m[39m

[41m[1m FAIL [22m[49m src/app/device/components/comprehensive-rendering.spec.ts[2m > [22mComponent Rendering Tests[2m > [22mFanSpinning Rendering[2m > [22mshould render correctly when On
[41m[1m FAIL [22m[49m src/app/device/components/comprehensive-rendering.spec.ts[2m > [22mComponent Rendering Tests[2m > [22mFanSpinning Rendering[2m > [22mshould render correctly when Off
[31m[1mError[22m: Component 'FanSpinning' is not resolved:
 - styleUrl: ./fan-spinning.scss
Did you run and wait for 'resolveComponentResources()'?[39m
[90m [2m❯[22m FanSpinning.get ../k8-fastbuild-ST-fdfa778d11ba/bin/packages/core/src/render3/jit/directive.ts:[2m106:16[22m[39m
[90m [2m❯[22m ɵcmp ../k8-fastbuild-ST-fdfa778d11ba/bin/packages/core/testing/src/test_bed_compiler.ts:[2m1116:24[22m[39m
[90m [2m❯[22m getComponentDef ../k8-fastbuild-ST-fdfa778d11ba/bin/packages/core/testing/src/test_bed_compiler.ts:[2m1109:14[22m[39m
[90m [2m❯[22m isStandaloneComponent ../k8-fastbuild-ST-fdfa778d11ba/bin/packages/core/testing/src/test_bed_compiler.ts:[2m784:19[22m[39m
[90m [2m❯[22m queueTypesFromModulesArrayRecur ../k8-fastbuild-ST-fdfa778d11ba/bin/packages/core/testing/src/test_bed_compiler.ts:[2m808:4[22m[39m
[90m [2m❯[22m queueTypesFromModulesArray ../k8-fastbuild-ST-fdfa778d11ba/bin/packages/core/testing/src/test_bed_compiler.ts:[2m226:11[22m[39m
[90m [2m❯[22m configureTestingModule ../k8-fastbuild-ST-fdfa778d11ba/bin/packages/core/testing/src/test_bed.ts:[2m584:18[22m[39m
[90m [2m❯[22m configureTestingModule ../k8-fastbuild-ST-fdfa778d11ba/bin/packages/core/testing/src/test_bed.ts:[2m319:32[22m[39m
[36m [2m❯[22m src/app/device/components/comprehensive-rendering.spec.ts:[2m70:21[22m[39m
    [90m 68|[39m
    [90m 69|[39m     [34mbeforeEach[39m([35masync[39m () [33m=>[39m {
    [90m 70|[39m       [35mawait[39m [33mTestBed[39m[33m.[39m[34mconfigureTestingModule[39m({
    [90m   |[39m                     [31m^[39m
    [90m 71|[39m         imports[33m:[39m [[33mFanSpinning[39m][33m,[39m
    [90m 72|[39m         providers[33m:[39m [[34mprovideNoopAnimations[39m()]

[31m[2m⎯⎯⎯⎯⎯⎯⎯⎯⎯⎯⎯⎯⎯⎯⎯⎯⎯⎯⎯⎯⎯⎯⎯[7/21]⎯[22m[39m

[41m[1m FAIL [22m[49m src/app/device/components/comprehensive-rendering.spec.ts[2m > [22mComponent Rendering Tests[2m > [22mThermostatGauge Rendering[2m > [22mshould render correctly in Off state
[41m[1m FAIL [22m[49m src/app/device/components/comprehensive-rendering.spec.ts[2m > [22mComponent Rendering Tests[2m > [22mThermostatGauge Rendering[2m > [22mshould render correctly in Idle state
[41m[1m FAIL [22m[49m src/app/device/components/comprehensive-rendering.spec.ts[2m > [22mComponent Rendering Tests[2m > [22mThermostatGauge Rendering[2m > [22mshould render correctly in Heating state
[41m[1m FAIL [22m[49m src/app/device/components/comprehensive-rendering.spec.ts[2m > [22mComponent Rendering Tests[2m > [22mThermostatGauge Rendering[2m > [22mshould render correctly in Cooling state
[31m[1mError[22m: Component 'ThermostatGauge' is not resolved:
 - styleUrl: ./thermostat-gauge.scss
Did you run and wait for 'resolveComponentResources()'?[39m
[90m [2m❯[22m ThermostatGauge.get ../k8-fastbuild-ST-fdfa778d11ba/bin/packages/core/src/render3/jit/directive.ts:[2m106:16[22m[39m
[90m [2m❯[22m ɵcmp ../k8-fastbuild-ST-fdfa778d11ba/bin/packages/core/testing/src/test_bed_compiler.ts:[2m1116:24[22m[39m
[90m [2m❯[22m getComponentDef ../k8-fastbuild-ST-fdfa778d11ba/bin/packages/core/testing/src/test_bed_compiler.ts:[2m1109:14[22m[39m
[90m [2m❯[22m isStandaloneComponent ../k8-fastbuild-ST-fdfa778d11ba/bin/packages/core/testing/src/test_bed_compiler.ts:[2m784:19[22m[39m
[90m [2m❯[22m queueTypesFromModulesArrayRecur ../k8-fastbuild-ST-fdfa778d11ba/bin/packages/core/testing/src/test_bed_compiler.ts:[2m808:4[22m[39m
[90m [2m❯[22m queueTypesFromModulesArray ../k8-fastbuild-ST-fdfa778d11ba/bin/packages/core/testing/src/test_bed_compiler.ts:[2m226:11[22m[39m
[90m [2m❯[22m configureTestingModule ../k8-fastbuild-ST-fdfa778d11ba/bin/packages/core/testing/src/test_bed.ts:[2m584:18[22m[39m
[90m [2m❯[22m configureTestingModule ../k8-fastbuild-ST-fdfa778d11ba/bin/packages/core/testing/src/test_bed.ts:[2m319:32[22m[39m
[36m [2m❯[22m src/app/device/components/comprehensive-rendering.spec.ts:[2m116:21[22m[39m
    [90m114|[39m
    [90m115|[39m     [34mbeforeEach[39m([35masync[39m () [33m=>[39m {
    [90m116|[39m       [35mawait[39m [33mTestBed[39m[33m.[39m[34mconfigureTestingModule[39m({
    [90m   |[39m                     [31m^[39m
    [90m117|[39m         imports[33m:[39m [[33mThermostatGauge[39m][33m,[39m
    [90m118|[39m         providers[33m:[39m [[34mprovideNoopAnimations[39m()]

[31m[2m⎯⎯⎯⎯⎯⎯⎯⎯⎯⎯⎯⎯⎯⎯⎯⎯⎯⎯⎯⎯⎯⎯⎯[8/21]⎯[22m[39m

[41m[1m FAIL [22m[49m src/app/device/components/comprehensive-rendering.spec.ts[2m > [22mComponent Rendering Tests[2m > [22mDoorLock Rendering[2m > [22mshould render correctly in Locked state
[41m[1m FAIL [22m[49m src/app/device/components/comprehensive-rendering.spec.ts[2m > [22mComponent Rendering Tests[2m > [22mDoorLock Rendering[2m > [22mshould render correctly in Unlocked state
[31m[1mError[22m: Component 'DoorLock' is not resolved:
 - styleUrl: ./door-lock.scss
Did you run and wait for 'resolveComponentResources()'?[39m
[90m [2m❯[22m DoorLock.get ../k8-fastbuild-ST-fdfa778d11ba/bin/packages/core/src/render3/jit/directive.ts:[2m106:16[22m[39m
[90m [2m❯[22m ɵcmp ../k8-fastbuild-ST-fdfa778d11ba/bin/packages/core/testing/src/test_bed_compiler.ts:[2m1116:24[22m[39m
[90m [2m❯[22m getComponentDef ../k8-fastbuild-ST-fdfa778d11ba/bin/packages/core/testing/src/test_bed_compiler.ts:[2m1109:14[22m[39m
[90m [2m❯[22m isStandaloneComponent ../k8-fastbuild-ST-fdfa778d11ba/bin/packages/core/testing/src/test_bed_compiler.ts:[2m784:19[22m[39m
[90m [2m❯[22m queueTypesFromModulesArrayRecur ../k8-fastbuild-ST-fdfa778d11ba/bin/packages/core/testing/src/test_bed_compiler.ts:[2m808:4[22m[39m
[90m [2m❯[22m queueTypesFromModulesArray ../k8-fastbuild-ST-fdfa778d11ba/bin/packages/core/testing/src/test_bed_compiler.ts:[2m226:11[22m[39m
[90m [2m❯[22m configureTestingModule ../k8-fastbuild-ST-fdfa778d11ba/bin/packages/core/testing/src/test_bed.ts:[2m584:18[22m[39m
[90m [2m❯[22m configureTestingModule ../k8-fastbuild-ST-fdfa778d11ba/bin/packages/core/testing/src/test_bed.ts:[2m319:32[22m[39m
[36m [2m❯[22m src/app/device/components/comprehensive-rendering.spec.ts:[2m165:21[22m[39m
    [90m163|[39m
    [90m164|[39m     [34mbeforeEach[39m([35masync[39m () [33m=>[39m {
    [90m165|[39m       [35mawait[39m [33mTestBed[39m[33m.[39m[34mconfigureTestingModule[39m({
    [90m   |[39m                     [31m^[39m
    [90m166|[39m         imports[33m:[39m [[33mDoorLock[39m][33m,[39m
    [90m167|[39m         providers[33m:[39m [[34mprovideNoopAnimations[39m()]

[31m[2m⎯⎯⎯⎯⎯⎯⎯⎯⎯⎯⎯⎯⎯⎯⎯⎯⎯⎯⎯⎯⎯⎯⎯[9/21]⎯[22m[39m

[41m[1m FAIL [22m[49m src/app/device/components/comprehensive-validation.spec.ts[2m > [22mComprehensive Validation Tests[2m > [22mBrightness Slider Clamping[2m > [22mshould have min 10 and max 100 on the slider
[31m[1mError[22m: Component 'LightBulb' is not resolved:
 - styleUrl: ./light-bulb.scss
Did you run and wait for 'resolveComponentResources()'?[39m
[90m [2m❯[22m LightBulb.get ../k8-fastbuild-ST-fdfa778d11ba/bin/packages/core/src/render3/jit/directive.ts:[2m106:16[22m[39m
[90m [2m❯[22m ɵcmp ../k8-fastbuild-ST-fdfa778d11ba/bin/packages/core/testing/src/test_bed_compiler.ts:[2m1116:24[22m[39m
[90m [2m❯[22m getComponentDef ../k8-fastbuild-ST-fdfa778d11ba/bin/packages/core/testing/src/test_bed_compiler.ts:[2m1109:14[22m[39m
[90m [2m❯[22m isStandaloneComponent ../k8-fastbuild-ST-fdfa778d11ba/bin/packages/core/testing/src/test_bed_compiler.ts:[2m784:19[22m[39m
[90m [2m❯[22m queueTypesFromModulesArrayRecur ../k8-fastbuild-ST-fdfa778d11ba/bin/packages/core/testing/src/test_bed_compiler.ts:[2m808:4[22m[39m
[90m [2m❯[22m queueTypesFromModulesArray ../k8-fastbuild-ST-fdfa778d11ba/bin/packages/core/testing/src/test_bed_compiler.ts:[2m226:11[22m[39m
[90m [2m❯[22m configureTestingModule ../k8-fastbuild-ST-fdfa778d11ba/bin/packages/core/testing/src/test_bed.ts:[2m584:18[22m[39m
[90m [2m❯[22m configureTestingModule ../k8-fastbuild-ST-fdfa778d11ba/bin/packages/core/testing/src/test_bed.ts:[2m319:32[22m[39m
[36m [2m❯[22m src/app/device/components/comprehensive-validation.spec.ts:[2m19:21[22m[39m
    [90m 17|[39m
    [90m 18|[39m     [34mbeforeEach[39m([35masync[39m () [33m=>[39m {
    [90m 19|[39m       [35mawait[39m [33mTestBed[39m[33m.[39m[34mconfigureTestingModule[39m({
    [90m   |[39m                     [31m^[39m
    [90m 20|[39m         imports[33m:[39m [[33mLightBulb[39m][33m,[39m
    [90m 21|[39m         providers[33m:[39m [[34mprovideNoopAnimations[39m()]

[31m[2m⎯⎯⎯⎯⎯⎯⎯⎯⎯⎯⎯⎯⎯⎯⎯⎯⎯⎯⎯⎯⎯⎯[10/21]⎯[22m[39m

[41m[1m FAIL [22m[49m src/app/device/components/comprehensive-validation.spec.ts[2m > [22mComprehensive Validation Tests[2m > [22mTemperature Input Clamping[2m > [22mshould have min 60 and max 80 on the temperature input
[31m[1mError[22m: Component 'ThermostatGauge' is not resolved:
 - styleUrl: ./thermostat-gauge.scss
Did you run and wait for 'resolveComponentResources()'?[39m
[90m [2m❯[22m ThermostatGauge.get ../k8-fastbuild-ST-fdfa778d11ba/bin/packages/core/src/render3/jit/directive.ts:[2m106:16[22m[39m
[90m [2m❯[22m ɵcmp ../k8-fastbuild-ST-fdfa778d11ba/bin/packages/core/testing/src/test_bed_compiler.ts:[2m1116:24[22m[39m
[90m [2m❯[22m getComponentDef ../k8-fastbuild-ST-fdfa778d11ba/bin/packages/core/testing/src/test_bed_compiler.ts:[2m1109:14[22m[39m
[90m [2m❯[22m isStandaloneComponent ../k8-fastbuild-ST-fdfa778d11ba/bin/packages/core/testing/src/test_bed_compiler.ts:[2m784:19[22m[39m
[90m [2m❯[22m queueTypesFromModulesArrayRecur ../k8-fastbuild-ST-fdfa778d11ba/bin/packages/core/testing/src/test_bed_compiler.ts:[2m808:4[22m[39m
[90m [2m❯[22m queueTypesFromModulesArray ../k8-fastbuild-ST-fdfa778d11ba/bin/packages/core/testing/src/test_bed_compiler.ts:[2m226:11[22m[39m
[90m [2m❯[22m configureTestingModule ../k8-fastbuild-ST-fdfa778d11ba/bin/packages/core/testing/src/test_bed.ts:[2m584:18[22m[39m
[90m [2m❯[22m configureTestingModule ../k8-fastbuild-ST-fdfa778d11ba/bin/packages/core/testing/src/test_bed.ts:[2m319:32[22m[39m
[36m [2m❯[22m src/app/device/components/comprehensive-validation.spec.ts:[2m46:21[22m[39m
    [90m 44|[39m
    [90m 45|[39m     [34mbeforeEach[39m([35masync[39m () [33m=>[39m {
    [90m 46|[39m       [35mawait[39m [33mTestBed[39m[33m.[39m[34mconfigureTestingModule[39m({
    [90m   |[39m                     [31m^[39m
    [90m 47|[39m         imports[33m:[39m [[33mThermostatGauge[39m][33m,[39m
    [90m 48|[39m         providers[33m:[39m [[34mprovideNoopAnimations[39m()]

[31m[2m⎯⎯⎯⎯⎯⎯⎯⎯⎯⎯⎯⎯⎯⎯⎯⎯⎯⎯⎯⎯⎯⎯[11/21]⎯[22m[39m

[41m[1m FAIL [22m[49m src/app/device/components/comprehensive-validation.spec.ts[2m > [22mComprehensive Validation Tests[2m > [22mDevice Registration Validation[2m > [22mshould require name, location, and type to enable submit
[31m[1mError[22m: Component 'RegisterDeviceDialog' is not resolved:
 - styleUrl: ./register-device-dialog.scss
Did you run and wait for 'resolveComponentResources()'?[39m
[90m [2m❯[22m RegisterDeviceDialog.get ../k8-fastbuild-ST-fdfa778d11ba/bin/packages/core/src/render3/jit/directive.ts:[2m106:16[22m[39m
[90m [2m❯[22m ɵcmp ../k8-fastbuild-ST-fdfa778d11ba/bin/packages/core/testing/src/test_bed_compiler.ts:[2m1116:24[22m[39m
[90m [2m❯[22m getComponentDef ../k8-fastbuild-ST-fdfa778d11ba/bin/packages/core/testing/src/test_bed_compiler.ts:[2m1109:14[22m[39m
[90m [2m❯[22m isStandaloneComponent ../k8-fastbuild-ST-fdfa778d11ba/bin/packages/core/testing/src/test_bed_compiler.ts:[2m784:19[22m[39m
[90m [2m❯[22m queueTypesFromModulesArrayRecur ../k8-fastbuild-ST-fdfa778d11ba/bin/packages/core/testing/src/test_bed_compiler.ts:[2m808:4[22m[39m
[90m [2m❯[22m queueTypesFromModulesArray ../k8-fastbuild-ST-fdfa778d11ba/bin/packages/core/testing/src/test_bed_compiler.ts:[2m226:11[22m[39m
[90m [2m❯[22m configureTestingModule ../k8-fastbuild-ST-fdfa778d11ba/bin/packages/core/testing/src/test_bed.ts:[2m584:18[22m[39m
[90m [2m❯[22m configureTestingModule ../k8-fastbuild-ST-fdfa778d11ba/bin/packages/core/testing/src/test_bed.ts:[2m319:32[22m[39m
[36m [2m❯[22m src/app/device/components/comprehensive-validation.spec.ts:[2m80:21[22m[39m
    [90m 78|[39m       }[33m;[39m
    [90m 79|[39m
    [90m 80|[39m       [35mawait[39m [33mTestBed[39m[33m.[39m[34mconfigureTestingModule[39m({
    [90m   |[39m                     [31m^[39m
    [90m 81|[39m         imports[33m:[39m [[33mRegisterDeviceDialog[39m][33m,[39m
    [90m 82|[39m         providers[33m:[39m [

[31m[2m⎯⎯⎯⎯⎯⎯⎯⎯⎯⎯⎯⎯⎯⎯⎯⎯⎯⎯⎯⎯⎯⎯[12/21]⎯[22m[39m


[2m Test Files [22m [1m[31m4 failed[39m[22m[2m | [22m[1m[32m5 passed[39m[22m[90m (9)[39m
[2m      Tests [22m [1m[31m21 failed[39m[22m[2m | [22m[1m[32m28 passed[39m[22m[90m (49)[39m
[2m   Start at [22m 22:03:48
[2m   Duration [22m 21.43s[2m (transform 678ms, setup 10.32s, import 21.63s, tests 861ms, environment 19.38s)[22m

